// Jest Snapshot v1, https://goo.gl/fbAQLP

exports[`utils.createShell creates Record with undefined values 1`] = `
Object {
  "entities": undefined,
  "ui": undefined,
}
`;
