// Jest Snapshot v1, https://goo.gl/fbAQLP

exports[`createTree throws on invalid state 1`] = `"State must be Immutable Record. Received: {}"`;
